0 verbose cli /openedx/nodeenv/bin/node /openedx/nodeenv/bin/npm
1 info using npm@10.5.0
2 info using node@v18.20.1
3 timing npm:load:whichnode Completed in 0ms
4 timing config:load:defaults Completed in 1ms
5 timing config:load:file:/openedx/nodeenv/lib/node_modules/npm/npmrc Completed in 8ms
6 timing config:load:builtin Completed in 8ms
7 timing config:load:cli Completed in 3ms
8 timing config:load:env Completed in 1ms
9 timing config:load:file:/openedx/edx-platform/.npmrc Completed in 2ms
10 timing config:load:project Completed in 3ms
11 timing config:load:file:/openedx/.npmrc Completed in 0ms
12 timing config:load:user Completed in 0ms
13 timing config:load:file:/openedx/nodeenv/etc/npmrc Completed in 0ms
14 timing config:load:global Completed in 1ms
15 timing config:load:setEnvs Completed in 0ms
16 timing config:load Completed in 17ms
17 timing npm:load:configload Completed in 18ms
18 timing config:load:flatten Completed in 1ms
19 timing npm:load:mkdirpcache Completed in 1ms
20 timing npm:load:mkdirplogs Completed in 0ms
21 verbose title npm run postinstall
22 verbose argv "run" "postinstall"
23 timing npm:load:setTitle Completed in 2ms
24 timing npm:load:display Completed in 2ms
25 verbose logfile logs-max:10 dir:/openedx/.npm/_logs/2025-03-03T04_24_21_057Z-
26 verbose logfile /openedx/.npm/_logs/2025-03-03T04_24_21_057Z-debug-0.log
27 timing npm:load:logFile Completed in 12ms
28 timing npm:load:timers Completed in 0ms
29 timing npm:load:configScope Completed in 1ms
30 timing npm:load Completed in 54ms
31 silly logfile done cleaning log files
32 timing command:run Completed in 216ms
33 verbose exit 0
34 timing npm Completed in 344ms
35 info ok
