0 verbose cli /openedx/nodeenv/bin/node /openedx/nodeenv/bin/npm
1 info using npm@10.5.0
2 info using node@v18.20.1
3 timing npm:load:whichnode Completed in 1ms
4 timing config:load:defaults Completed in 2ms
5 timing config:load:file:/openedx/nodeenv/lib/node_modules/npm/npmrc Completed in 0ms
6 timing config:load:builtin Completed in 0ms
7 timing config:load:cli Completed in 2ms
8 timing config:load:env Completed in 1ms
9 timing config:load:file:/openedx/edx-platform/.npmrc Completed in 1ms
10 timing config:load:project Completed in 8ms
11 timing config:load:file:/openedx/.npmrc Completed in 0ms
12 timing config:load:user Completed in 1ms
13 timing config:load:file:/openedx/nodeenv/etc/npmrc Completed in 0ms
14 timing config:load:global Completed in 0ms
15 timing config:load:setEnvs Completed in 0ms
16 timing config:load Completed in 15ms
17 timing npm:load:configload Completed in 15ms
18 timing config:load:flatten Completed in 2ms
19 timing npm:load:mkdirpcache Completed in 1ms
20 timing npm:load:mkdirplogs Completed in 0ms
21 verbose title npm run compile-sass --skip-themes
22 verbose argv "run" "compile-sass" "--" "--skip-themes"
23 timing npm:load:setTitle Completed in 1ms
24 timing npm:load:display Completed in 0ms
25 verbose logfile logs-max:10 dir:/openedx/.npm/_logs/2025-03-03T04_24_21_848Z-
26 verbose logfile /openedx/.npm/_logs/2025-03-03T04_24_21_848Z-debug-0.log
27 timing npm:load:logFile Completed in 7ms
28 timing npm:load:timers Completed in 0ms
29 timing npm:load:configScope Completed in 0ms
30 timing npm:load Completed in 36ms
31 silly logfile done cleaning log files
32 timing command:run Completed in 8680ms
33 verbose exit 0
34 timing npm Completed in 8760ms
35 info ok
